CRITICAL - 2026-06-07 09:27:11 --> ErrorException: Undefined array key "tahun_ajaran"
[Method: POST, Route: api/v1/tahun_ajaran]
in APPPATH\Controllers\tahun_ajaran\tahunAjaran.php on line 60.
 1 APPPATH\Controllers\tahun_ajaran\tahunAjaran.php(60): CodeIgniter\Debug\Exceptions->errorHandler(2, 'Undefined array key "tahun_ajaran"', 'C:\\repo-github\\website-spmb\\backend\\app\\Controllers\\tahun_ajaran\\tahunAjaran.php', 60)
 2 SYSTEMPATH\CodeIgniter.php(951): App\Controllers\tahun_ajaran\TahunAjaran->store()
 3 SYSTEMPATH\CodeIgniter.php(497): CodeIgniter\CodeIgniter->runController(Object(App\Controllers\tahun_ajaran\TahunAjaran))
 4 SYSTEMPATH\CodeIgniter.php(340): CodeIgniter\CodeIgniter->handleRequest(null, Object(Config\Cache), false)
 5 SYSTEMPATH\Boot.php(417): CodeIgniter\CodeIgniter->run()
 6 SYSTEMPATH\Boot.php(68): CodeIgniter\Boot::runCodeIgniter(Object(CodeIgniter\CodeIgniter))
 7 FCPATH\index.php(59): CodeIgniter\Boot::bootWeb(Object(Config\Paths))
 8 SYSTEMPATH\rewrite.php(44): require_once('C:\\repo-github\\website-spmb\\backend\\public\\index.php')
ERROR - 2026-06-07 09:39:21 --> pg_query(): Query failed: ERROR:  column &quot;id&quot; does not exist
LINE 1: SELECT * FROM user WHERE id = 1
                                 ^
in SYSTEMPATH\Database\Postgre\Connection.php on line 200.
 1 SYSTEMPATH\Database\BaseConnection.php(910): CodeIgniter\Database\Postgre\Connection->execute('SELECT * FROM user WHERE id = 1')
 2 SYSTEMPATH\Database\BaseConnection.php(827): CodeIgniter\Database\BaseConnection->simpleQuery('SELECT * FROM user WHERE id = 1')
 3 APPPATH\Controllers\User\user.php(43): CodeIgniter\Database\BaseConnection->query('SELECT * FROM user WHERE id = ?', [...])
 4 SYSTEMPATH\CodeIgniter.php(951): App\Controllers\User\User->show(1)
 5 SYSTEMPATH\CodeIgniter.php(497): CodeIgniter\CodeIgniter->runController(Object(App\Controllers\User\User))
 6 SYSTEMPATH\CodeIgniter.php(340): CodeIgniter\CodeIgniter->handleRequest(null, Object(Config\Cache), false)
 7 SYSTEMPATH\Boot.php(417): CodeIgniter\CodeIgniter->run()
 8 SYSTEMPATH\Boot.php(68): CodeIgniter\Boot::runCodeIgniter(Object(CodeIgniter\CodeIgniter))
 9 FCPATH\index.php(59): CodeIgniter\Boot::bootWeb(Object(Config\Paths))
10 SYSTEMPATH\rewrite.php(44): require_once('C:\\repo-github\\website-spmb\\backend\\public\\index.php')
CRITICAL - 2026-06-07 09:39:21 --> CodeIgniter\Database\Exceptions\DatabaseException: pg_query(): Query failed: ERROR:  column &quot;id&quot; does not exist
LINE 1: SELECT * FROM user WHERE id = 1
                                 ^
[Method: GET, Route: api/v1/user/1]
in SYSTEMPATH\Database\BaseConnection.php on line 865.
 1 APPPATH\Controllers\User\user.php(43): CodeIgniter\Database\BaseConnection->query('SELECT * FROM user WHERE id = ?', [...])
 2 SYSTEMPATH\CodeIgniter.php(951): App\Controllers\User\User->show(1)
 3 SYSTEMPATH\CodeIgniter.php(497): CodeIgniter\CodeIgniter->runController(Object(App\Controllers\User\User))
 4 SYSTEMPATH\CodeIgniter.php(340): CodeIgniter\CodeIgniter->handleRequest(null, Object(Config\Cache), false)
 5 SYSTEMPATH\Boot.php(417): CodeIgniter\CodeIgniter->run()
 6 SYSTEMPATH\Boot.php(68): CodeIgniter\Boot::runCodeIgniter(Object(CodeIgniter\CodeIgniter))
 7 FCPATH\index.php(59): CodeIgniter\Boot::bootWeb(Object(Config\Paths))
 8 SYSTEMPATH\rewrite.php(44): require_once('C:\\repo-github\\website-spmb\\backend\\public\\index.php')
CRITICAL - 2026-06-07 09:39:21 --> [Caused by] CodeIgniter\Database\Exceptions\DatabaseException: pg_query(): Query failed: ERROR:  column &quot;id&quot; does not exist
LINE 1: SELECT * FROM user WHERE id = 1
                                 ^
in SYSTEMPATH\Database\Postgre\Connection.php on line 212.
 1 SYSTEMPATH\Database\BaseConnection.php(910): CodeIgniter\Database\Postgre\Connection->execute('SELECT * FROM user WHERE id = 1')
 2 SYSTEMPATH\Database\BaseConnection.php(827): CodeIgniter\Database\BaseConnection->simpleQuery('SELECT * FROM user WHERE id = 1')
 3 APPPATH\Controllers\User\user.php(43): CodeIgniter\Database\BaseConnection->query('SELECT * FROM user WHERE id = ?', [...])
 4 SYSTEMPATH\CodeIgniter.php(951): App\Controllers\User\User->show(1)
 5 SYSTEMPATH\CodeIgniter.php(497): CodeIgniter\CodeIgniter->runController(Object(App\Controllers\User\User))
 6 SYSTEMPATH\CodeIgniter.php(340): CodeIgniter\CodeIgniter->handleRequest(null, Object(Config\Cache), false)
 7 SYSTEMPATH\Boot.php(417): CodeIgniter\CodeIgniter->run()
 8 SYSTEMPATH\Boot.php(68): CodeIgniter\Boot::runCodeIgniter(Object(CodeIgniter\CodeIgniter))
 9 FCPATH\index.php(59): CodeIgniter\Boot::bootWeb(Object(Config\Paths))
10 SYSTEMPATH\rewrite.php(44): require_once('C:\\repo-github\\website-spmb\\backend\\public\\index.php')
CRITICAL - 2026-06-07 09:39:21 --> [Caused by] ErrorException: pg_query(): Query failed: ERROR:  column &quot;id&quot; does not exist
LINE 1: SELECT * FROM user WHERE id = 1
                                 ^
in SYSTEMPATH\Database\Postgre\Connection.php on line 200.
 1 [internal function]: CodeIgniter\Debug\Exceptions->errorHandler(2, 'pg_query(): Query failed: ERROR:  column &quot;id&quot; does not exist
LINE 1: SELECT * FROM user WHERE id = 1
                                 ^', 'C:\\repo-github\\website-spmb\\backend\\system\\Database\\Postgre\\Connection.php', 200)
 2 SYSTEMPATH\Database\Postgre\Connection.php(200): pg_query(Object(PgSql\Connection), 'SELECT * FROM user WHERE id = 1')
 3 SYSTEMPATH\Database\BaseConnection.php(910): CodeIgniter\Database\Postgre\Connection->execute('SELECT * FROM user WHERE id = 1')
 4 SYSTEMPATH\Database\BaseConnection.php(827): CodeIgniter\Database\BaseConnection->simpleQuery('SELECT * FROM user WHERE id = 1')
 5 APPPATH\Controllers\User\user.php(43): CodeIgniter\Database\BaseConnection->query('SELECT * FROM user WHERE id = ?', [...])
 6 SYSTEMPATH\CodeIgniter.php(951): App\Controllers\User\User->show(1)
 7 SYSTEMPATH\CodeIgniter.php(497): CodeIgniter\CodeIgniter->runController(Object(App\Controllers\User\User))
 8 SYSTEMPATH\CodeIgniter.php(340): CodeIgniter\CodeIgniter->handleRequest(null, Object(Config\Cache), false)
 9 SYSTEMPATH\Boot.php(417): CodeIgniter\CodeIgniter->run()
10 SYSTEMPATH\Boot.php(68): CodeIgniter\Boot::runCodeIgniter(Object(CodeIgniter\CodeIgniter))
11 FCPATH\index.php(59): CodeIgniter\Boot::bootWeb(Object(Config\Paths))
12 SYSTEMPATH\rewrite.php(44): require_once('C:\\repo-github\\website-spmb\\backend\\public\\index.php')
CRITICAL - 2026-06-07 09:49:42 --> ErrorException: Undefined array key "tahun_ajaran"
[Method: POST, Route: api/v1/tahun-ajaran]
in APPPATH\Controllers\tahun_ajaran\tahunAjaran.php on line 60.
 1 APPPATH\Controllers\tahun_ajaran\tahunAjaran.php(60): CodeIgniter\Debug\Exceptions->errorHandler(2, 'Undefined array key "tahun_ajaran"', 'C:\\repo-github\\website-spmb\\backend\\app\\Controllers\\tahun_ajaran\\tahunAjaran.php', 60)
 2 SYSTEMPATH\CodeIgniter.php(951): App\Controllers\tahun_ajaran\TahunAjaran->store()
 3 SYSTEMPATH\CodeIgniter.php(497): CodeIgniter\CodeIgniter->runController(Object(App\Controllers\tahun_ajaran\TahunAjaran))
 4 SYSTEMPATH\CodeIgniter.php(340): CodeIgniter\CodeIgniter->handleRequest(null, Object(Config\Cache), false)
 5 SYSTEMPATH\Boot.php(417): CodeIgniter\CodeIgniter->run()
 6 SYSTEMPATH\Boot.php(68): CodeIgniter\Boot::runCodeIgniter(Object(CodeIgniter\CodeIgniter))
 7 FCPATH\index.php(59): CodeIgniter\Boot::bootWeb(Object(Config\Paths))
 8 SYSTEMPATH\rewrite.php(44): require_once('C:\\repo-github\\website-spmb\\backend\\public\\index.php')
CRITICAL - 2026-06-07 09:50:03 --> ErrorException: Undefined array key "tahun_ajaran"
[Method: POST, Route: api/v1/tahun-ajaran]
in APPPATH\Controllers\tahun_ajaran\tahunAjaran.php on line 60.
 1 APPPATH\Controllers\tahun_ajaran\tahunAjaran.php(60): CodeIgniter\Debug\Exceptions->errorHandler(2, 'Undefined array key "tahun_ajaran"', 'C:\\repo-github\\website-spmb\\backend\\app\\Controllers\\tahun_ajaran\\tahunAjaran.php', 60)
 2 SYSTEMPATH\CodeIgniter.php(951): App\Controllers\tahun_ajaran\TahunAjaran->store()
 3 SYSTEMPATH\CodeIgniter.php(497): CodeIgniter\CodeIgniter->runController(Object(App\Controllers\tahun_ajaran\TahunAjaran))
 4 SYSTEMPATH\CodeIgniter.php(340): CodeIgniter\CodeIgniter->handleRequest(null, Object(Config\Cache), false)
 5 SYSTEMPATH\Boot.php(417): CodeIgniter\CodeIgniter->run()
 6 SYSTEMPATH\Boot.php(68): CodeIgniter\Boot::runCodeIgniter(Object(CodeIgniter\CodeIgniter))
 7 FCPATH\index.php(59): CodeIgniter\Boot::bootWeb(Object(Config\Paths))
 8 SYSTEMPATH\rewrite.php(44): require_once('C:\\repo-github\\website-spmb\\backend\\public\\index.php')
