CRITICAL - 2026-05-03 10:21:09 --> CodeIgniter\Exceptions\ConfigException: Invalid DBDriver name: "DBDriver"
[Method: CLI, Route: migrate]
in SYSTEMPATH\Database\Database.php on line 176.
 1 SYSTEMPATH\Database\Database.php(59): CodeIgniter\Database\Database->checkDbExtension('DBDriver')
 2 SYSTEMPATH\Database\Config.php(82): CodeIgniter\Database\Database->load([...], 'default')
 3 SYSTEMPATH\Common.php(391): CodeIgniter\Database\Config::connect('default', true)
 4 SYSTEMPATH\Database\MigrationRunner.php(156): db_connect(null)
 5 SYSTEMPATH\Config\Services.php(421): CodeIgniter\Database\MigrationRunner->__construct(Object(Config\Migrations), null)
 6 SYSTEMPATH\Config\BaseService.php(325): CodeIgniter\Config\Services::migrations(Object(Config\Migrations), null, false)
 7 SYSTEMPATH\Config\BaseService.php(264): CodeIgniter\Config\BaseService::__callStatic('migrations', [...])
 8 SYSTEMPATH\Config\Services.php(416): CodeIgniter\Config\BaseService::getSharedInstance('migrations', null, null)
 9 SYSTEMPATH\Config\BaseService.php(334): CodeIgniter\Config\Services::migrations()
10 SYSTEMPATH\Config\BaseService.php(203): CodeIgniter\Config\BaseService::__callStatic('migrations', [])
11 SYSTEMPATH\Common.php(1078): CodeIgniter\Config\BaseService::get('migrations')
12 SYSTEMPATH\Commands\Database\Migrate.php(73): service('migrations')
13 SYSTEMPATH\CLI\Commands.php(74): CodeIgniter\Commands\Database\Migrate->run([])
14 SYSTEMPATH\CLI\Console.php(47): CodeIgniter\CLI\Commands->run('migrate', [])
15 SYSTEMPATH\Boot.php(442): CodeIgniter\CLI\Console->run()
16 SYSTEMPATH\Boot.php(166): CodeIgniter\Boot::runCommand(Object(CodeIgniter\CLI\Console))
17 ROOTPATH\spark(87): CodeIgniter\Boot::bootSpark(Object(Config\Paths))
CRITICAL - 2026-05-03 10:22:23 --> CodeIgniter\Exceptions\ConfigException: Invalid DBDriver name: "DBDriver"
[Method: CLI, Route: migrate]
in SYSTEMPATH\Database\Database.php on line 176.
 1 SYSTEMPATH\Database\Database.php(59): CodeIgniter\Database\Database->checkDbExtension('DBDriver')
 2 SYSTEMPATH\Database\Config.php(82): CodeIgniter\Database\Database->load([...], 'default')
 3 SYSTEMPATH\Common.php(391): CodeIgniter\Database\Config::connect('default', true)
 4 SYSTEMPATH\Database\MigrationRunner.php(156): db_connect(null)
 5 SYSTEMPATH\Config\Services.php(421): CodeIgniter\Database\MigrationRunner->__construct(Object(Config\Migrations), null)
 6 SYSTEMPATH\Config\BaseService.php(325): CodeIgniter\Config\Services::migrations(Object(Config\Migrations), null, false)
 7 SYSTEMPATH\Config\BaseService.php(264): CodeIgniter\Config\BaseService::__callStatic('migrations', [...])
 8 SYSTEMPATH\Config\Services.php(416): CodeIgniter\Config\BaseService::getSharedInstance('migrations', null, null)
 9 SYSTEMPATH\Config\BaseService.php(334): CodeIgniter\Config\Services::migrations()
10 SYSTEMPATH\Config\BaseService.php(203): CodeIgniter\Config\BaseService::__callStatic('migrations', [])
11 SYSTEMPATH\Common.php(1078): CodeIgniter\Config\BaseService::get('migrations')
12 SYSTEMPATH\Commands\Database\Migrate.php(73): service('migrations')
13 SYSTEMPATH\CLI\Commands.php(74): CodeIgniter\Commands\Database\Migrate->run([])
14 SYSTEMPATH\CLI\Console.php(47): CodeIgniter\CLI\Commands->run('migrate', [])
15 SYSTEMPATH\Boot.php(442): CodeIgniter\CLI\Console->run()
16 SYSTEMPATH\Boot.php(166): CodeIgniter\Boot::runCommand(Object(CodeIgniter\CLI\Console))
17 ROOTPATH\spark(87): CodeIgniter\Boot::bootSpark(Object(Config\Paths))
CRITICAL - 2026-05-03 10:23:25 --> CodeIgniter\Exceptions\ConfigException: Invalid DBDriver name: "pgsql"
[Method: CLI, Route: migrate]
in SYSTEMPATH\Database\Database.php on line 176.
 1 SYSTEMPATH\Database\Database.php(59): CodeIgniter\Database\Database->checkDbExtension('pgsql')
 2 SYSTEMPATH\Database\Config.php(82): CodeIgniter\Database\Database->load([...], 'default')
 3 SYSTEMPATH\Common.php(391): CodeIgniter\Database\Config::connect('default', true)
 4 SYSTEMPATH\Database\MigrationRunner.php(156): db_connect(null)
 5 SYSTEMPATH\Config\Services.php(421): CodeIgniter\Database\MigrationRunner->__construct(Object(Config\Migrations), null)
 6 SYSTEMPATH\Config\BaseService.php(325): CodeIgniter\Config\Services::migrations(Object(Config\Migrations), null, false)
 7 SYSTEMPATH\Config\BaseService.php(264): CodeIgniter\Config\BaseService::__callStatic('migrations', [...])
 8 SYSTEMPATH\Config\Services.php(416): CodeIgniter\Config\BaseService::getSharedInstance('migrations', null, null)
 9 SYSTEMPATH\Config\BaseService.php(334): CodeIgniter\Config\Services::migrations()
10 SYSTEMPATH\Config\BaseService.php(203): CodeIgniter\Config\BaseService::__callStatic('migrations', [])
11 SYSTEMPATH\Common.php(1078): CodeIgniter\Config\BaseService::get('migrations')
12 SYSTEMPATH\Commands\Database\Migrate.php(73): service('migrations')
13 SYSTEMPATH\CLI\Commands.php(74): CodeIgniter\Commands\Database\Migrate->run([])
14 SYSTEMPATH\CLI\Console.php(47): CodeIgniter\CLI\Commands->run('migrate', [])
15 SYSTEMPATH\Boot.php(442): CodeIgniter\CLI\Console->run()
16 SYSTEMPATH\Boot.php(166): CodeIgniter\Boot::runCommand(Object(CodeIgniter\CLI\Console))
17 ROOTPATH\spark(87): CodeIgniter\Boot::bootSpark(Object(Config\Paths))
ERROR - 2026-05-03 10:24:10 --> Error connecting to the database: CodeIgniter\Database\Exceptions\DatabaseException: ERROR:  invalid value for parameter "client_encoding": "utf8mb4" in C:\repo-github\website-spmb\backend\system\Database\Postgre\Connection.php:98
Stack trace:
#0 C:\repo-github\website-spmb\backend\system\Database\BaseConnection.php(555): CodeIgniter\Database\Postgre\Connection->connect(false)
#1 C:\repo-github\website-spmb\backend\system\Database\BaseConnection.php(795): CodeIgniter\Database\BaseConnection->initialize()
#2 C:\repo-github\website-spmb\backend\system\Database\BaseConnection.php(1706): CodeIgniter\Database\BaseConnection->query('SELECT "table_n...')
#3 C:\repo-github\website-spmb\backend\system\Database\BaseConnection.php(1726): CodeIgniter\Database\BaseConnection->listTables()
#4 C:\repo-github\website-spmb\backend\system\Database\MigrationRunner.php(821): CodeIgniter\Database\BaseConnection->tableExists('migrations')
#5 C:\repo-github\website-spmb\backend\system\Database\MigrationRunner.php(173): CodeIgniter\Database\MigrationRunner->ensureTable()
#6 C:\repo-github\website-spmb\backend\system\Commands\Database\Migrate.php(89): CodeIgniter\Database\MigrationRunner->latest(NULL)
#7 C:\repo-github\website-spmb\backend\system\CLI\SignalTrait.php(245): CodeIgniter\Commands\Database\Migrate::{closure:CodeIgniter\Commands\Database\Migrate::run():88}()
#8 C:\repo-github\website-spmb\backend\system\Commands\Database\Migrate.php(88): CodeIgniter\Commands\Database\Migrate->withSignalsBlocked(Object(Closure))
#9 C:\repo-github\website-spmb\backend\system\CLI\Commands.php(74): CodeIgniter\Commands\Database\Migrate->run(Array)
#10 C:\repo-github\website-spmb\backend\system\CLI\Console.php(47): CodeIgniter\CLI\Commands->run('migrate', Array)
#11 C:\repo-github\website-spmb\backend\system\Boot.php(442): CodeIgniter\CLI\Console->run()
#12 C:\repo-github\website-spmb\backend\system\Boot.php(166): CodeIgniter\Boot::runCommand(Object(CodeIgniter\CLI\Console))
#13 C:\repo-github\website-spmb\backend\spark(87): CodeIgniter\Boot::bootSpark(Object(Config\Paths))
#14 {main}
ERROR - 2026-05-03 10:26:28 --> Error connecting to the database: CodeIgniter\Database\Exceptions\DatabaseException: ERROR:  invalid value for parameter "client_encoding": "utf8mb4" in C:\repo-github\website-spmb\backend\system\Database\Postgre\Connection.php:98
Stack trace:
#0 C:\repo-github\website-spmb\backend\system\Database\BaseConnection.php(555): CodeIgniter\Database\Postgre\Connection->connect(false)
#1 C:\repo-github\website-spmb\backend\system\Database\BaseConnection.php(795): CodeIgniter\Database\BaseConnection->initialize()
#2 C:\repo-github\website-spmb\backend\system\Database\BaseConnection.php(1706): CodeIgniter\Database\BaseConnection->query('SELECT "table_n...')
#3 C:\repo-github\website-spmb\backend\system\Database\BaseConnection.php(1726): CodeIgniter\Database\BaseConnection->listTables()
#4 C:\repo-github\website-spmb\backend\system\Database\MigrationRunner.php(821): CodeIgniter\Database\BaseConnection->tableExists('migrations')
#5 C:\repo-github\website-spmb\backend\system\Database\MigrationRunner.php(173): CodeIgniter\Database\MigrationRunner->ensureTable()
#6 C:\repo-github\website-spmb\backend\system\Commands\Database\Migrate.php(89): CodeIgniter\Database\MigrationRunner->latest(NULL)
#7 C:\repo-github\website-spmb\backend\system\CLI\SignalTrait.php(245): CodeIgniter\Commands\Database\Migrate::{closure:CodeIgniter\Commands\Database\Migrate::run():88}()
#8 C:\repo-github\website-spmb\backend\system\Commands\Database\Migrate.php(88): CodeIgniter\Commands\Database\Migrate->withSignalsBlocked(Object(Closure))
#9 C:\repo-github\website-spmb\backend\system\CLI\Commands.php(74): CodeIgniter\Commands\Database\Migrate->run(Array)
#10 C:\repo-github\website-spmb\backend\system\CLI\Console.php(47): CodeIgniter\CLI\Commands->run('migrate', Array)
#11 C:\repo-github\website-spmb\backend\system\Boot.php(442): CodeIgniter\CLI\Console->run()
#12 C:\repo-github\website-spmb\backend\system\Boot.php(166): CodeIgniter\Boot::runCommand(Object(CodeIgniter\CLI\Console))
#13 C:\repo-github\website-spmb\backend\spark(87): CodeIgniter\Boot::bootSpark(Object(Config\Paths))
#14 {main}
ERROR - 2026-05-03 10:26:47 --> pg_query(): Query failed: ERROR:  relation "role" does not exist
in SYSTEMPATH\Database\Postgre\Connection.php on line 200.
 1 SYSTEMPATH\Database\BaseConnection.php(910): CodeIgniter\Database\Postgre\Connection->execute('CREATE TABLE "user" (
	"id" SERIAL NOT NULL,
	"role_id" INT NOT NULL,
	"username" varchar(255) NOT NULL,
	"email" varchar(255) NOT NULL UNIQUE,
	"password" varchar(255) NOT NULL,
	CONSTRAINT "pk_user" PRIMARY KEY("id"),
	CONSTRAINT "user_role_id_foreign" FOREIGN KEY ("role_id") REFERENCES "role"("id") ON DELETE RESTRICT ON UPDATE CASCADE
)')
 2 SYSTEMPATH\Database\BaseConnection.php(827): CodeIgniter\Database\BaseConnection->simpleQuery('CREATE TABLE "user" (
	"id" SERIAL NOT NULL,
	"role_id" INT NOT NULL,
	"username" varchar(255) NOT NULL,
	"email" varchar(255) NOT NULL UNIQUE,
	"password" varchar(255) NOT NULL,
	CONSTRAINT "pk_user" PRIMARY KEY("id"),
	CONSTRAINT "user_role_id_foreign" FOREIGN KEY ("role_id") REFERENCES "role"("id") ON DELETE RESTRICT ON UPDATE CASCADE
)')
 3 SYSTEMPATH\Database\Forge.php(570): CodeIgniter\Database\BaseConnection->query('CREATE TABLE "user" (
	"id" SERIAL NOT NULL,
	"role_id" INT NOT NULL,
	"username" varchar(255) NOT NULL,
	"email" varchar(255) NOT NULL UNIQUE,
	"password" varchar(255) NOT NULL,
	CONSTRAINT "pk_user" PRIMARY KEY("id"),
	CONSTRAINT "user_role_id_foreign" FOREIGN KEY ("role_id") REFERENCES "role"("id") ON DELETE RESTRICT ON UPDATE CASCADE
)')
 4 APPPATH\Database\Migrations\2026-05-02-131847_User.php(37): CodeIgniter\Database\Forge->createTable('user')
 5 SYSTEMPATH\Database\MigrationRunner.php(1014): App\Database\Migrations\User->up()
 6 SYSTEMPATH\Database\MigrationRunner.php(202): CodeIgniter\Database\MigrationRunner->migrate('up', Object(stdClass))
 7 SYSTEMPATH\Commands\Database\Migrate.php(89): CodeIgniter\Database\MigrationRunner->latest(null)
 8 SYSTEMPATH\CLI\SignalTrait.php(245): CodeIgniter\Commands\Database\Migrate::{closure:CodeIgniter\Commands\Database\Migrate::run():88}()
 9 SYSTEMPATH\Commands\Database\Migrate.php(88): CodeIgniter\Commands\Database\Migrate->withSignalsBlocked(Object(Closure))
10 SYSTEMPATH\CLI\Commands.php(74): CodeIgniter\Commands\Database\Migrate->run([])
11 SYSTEMPATH\CLI\Console.php(47): CodeIgniter\CLI\Commands->run('migrate', [])
12 SYSTEMPATH\Boot.php(442): CodeIgniter\CLI\Console->run()
13 SYSTEMPATH\Boot.php(166): CodeIgniter\Boot::runCommand(Object(CodeIgniter\CLI\Console))
14 ROOTPATH\spark(87): CodeIgniter\Boot::bootSpark(Object(Config\Paths))
